// Jest Snapshot v1, https://goo.gl/fbAQLP

exports[`Charts.vue renders correctly 1`] = `
<div>
  <ccardgroup-stub
    class="card-columns cols-2"
    columns="true"
    tag="div"
  >
    <ccard-stub>
      <ccardheader-stub>
        
        Line Chart
        
        <div
          class="card-header-actions"
        >
          <a
            class="card-header-action"
            href="https://coreui.io/vue/docs/components/charts"
            rel="noreferrer noopener"
            target="_blank"
          >
            <small
              class="text-muted"
            >
              docs
            </small>
          </a>
        </div>
      </ccardheader-stub>
       
      <ccardbody-stub>
        <cchartlineexample-stub />
      </ccardbody-stub>
    </ccard-stub>
     
    <ccard-stub>
      <ccardheader-stub>
        Bar Chart
      </ccardheader-stub>
       
      <ccardbody-stub>
        <cchartbarexample-stub />
      </ccardbody-stub>
    </ccard-stub>
     
    <ccard-stub>
      <ccardheader-stub>
        Doughnut Chart
      </ccardheader-stub>
       
      <ccardbody-stub>
        <cchartdoughnutexample-stub />
      </ccardbody-stub>
    </ccard-stub>
     
    <ccard-stub>
      <ccardheader-stub>
        Radar Chart
      </ccardheader-stub>
       
      <ccardbody-stub>
        <cchartradarexample-stub />
      </ccardbody-stub>
    </ccard-stub>
     
    <ccard-stub>
      <ccardheader-stub>
        Pie Chart
      </ccardheader-stub>
       
      <ccardbody-stub>
        <cchartpieexample-stub />
      </ccardbody-stub>
    </ccard-stub>
     
    <ccard-stub>
      <ccardheader-stub>
        Polar Area Chart
      </ccardheader-stub>
       
      <ccardbody-stub>
        <cchartpolarareaexample-stub />
      </ccardbody-stub>
    </ccard-stub>
     
    <ccard-stub>
      <ccardheader-stub>
        Simple line chart
      </ccardheader-stub>
       
      <ccardbody-stub>
        <cchartlinesimple-stub
          backgroundcolor="transparent"
          bordercolor="success"
          datapoints="10,22,34,46,58,70,46,23,45,78,34,12"
          label="Sales"
          labels="months"
        />
      </ccardbody-stub>
    </ccard-stub>
     
    <ccard-stub>
      <ccardheader-stub>
        Simple pointed chart
      </ccardheader-stub>
       
      <ccardbody-stub>
        <cchartlinesimple-stub
          backgroundcolor="transparent"
          bordercolor="warning"
          datapoints="10,22,34,46,58,70,46,23,45,78,34,12"
          label="Sales"
          pointed="true"
        />
      </ccardbody-stub>
    </ccard-stub>
     
    <ccard-stub>
      <ccardheader-stub>
        Simple bar chart
      </ccardheader-stub>
       
      <ccardbody-stub>
        <cchartbarsimple-stub
          backgroundcolor="danger"
          datapoints="10,22,34,46,58,70,46,23,45,78,34,12"
          label="Sales"
        />
      </ccardbody-stub>
    </ccard-stub>
  </ccardgroup-stub>
</div>
`;
