// Jest Snapshot v1, https://goo.gl/fbAQLP

exports[`Breadcrumbs.vue renders correctly 1`] = `
<div
  class="row"
>
  <div
    class="col"
  >
    <div
      class="card"
    >
      <!---->
      <header
        class="card-header"
      >
        <i
          class="fa fa-align-justify"
        />
        <strong>
           Bootstrap Breadcrumb
        </strong>
         
        <div
          class="card-header-actions"
        >
          <a
            class="card-header-action"
            href="https://coreui.io/vue/docs/3.0/components/Breadcrumb"
            rel="noreferrer noopener"
            target="_blank"
          >
            <small
              class="text-muted"
            >
              docs
            </small>
          </a>
        </div>
      </header>
       
      <div
        class="card-body"
      >
        <!---->
        <!---->
        <ol
          class="breadcrumb"
        >
          <li
            class="breadcrumb-item"
            role="presentation"
          >
            <a
              class=""
              href="#"
              target="_self"
              text=<b>Admin</b>
            />
          </li>
          <li
            class="breadcrumb-item"
            role="presentation"
          >
            <a
              class=""
              href="#"
              target="_self"
              text="Manage"
            />
          </li>
          <li
            class="active breadcrumb-item"
            role="presentation"
          >
            <span />
          </li>
        </ol>
         
        <ol
          class="breadcrumb"
        >
          <li
            class="breadcrumb-item"
            role="presentation"
          >
            <a
              class=""
              href="#"
              target="_self"
              text="Go to dashboard"
            />
          </li>
          <li
            class="breadcrumb-item"
            role="presentation"
          >
            <a
              class=""
              href="#"
              target="_self"
              text="Go to widgets"
            />
          </li>
          <li
            class="breadcrumb-item"
            role="presentation"
          >
            <a
              class=""
              href="http://google.com"
              target="_self"
              text="Go to Google"
            />
          </li>
          <li
            class="active breadcrumb-item"
            role="presentation"
          >
            <span />
          </li>
        </ol>
         
        <ol
          class="breadcrumb"
        >
          <li
            class="font-xl breadcrumb-item"
            role="presentation"
          >
            <a
              class=""
              href="#"
              target="_self"
              text="Added"
            />
          </li>
          <li
            class="font-xl breadcrumb-item"
            role="presentation"
          >
            <a
              class=""
              href="#"
              target="_self"
              text="Custom"
            />
          </li>
          <li
            class="active font-xl text-danger breadcrumb-item"
            role="presentation"
          >
            <span />
          </li>
        </ol>
      </div>
      <!---->
    </div>
  </div>
</div>
`;
