// Jest Snapshot v1, https://goo.gl/fbAQLP

exports[`Table.vue renders correctly 1`] = `
<ccard-stub>
  <ccardheader-stub>
    <cicon-stub
      name="cil-grid"
    />
     Table
    
  </ccardheader-stub>
   
  <ccardbody-stub>
    <cdatatable-stub
      fields="username,registered,role,status"
      header="true"
      itemsperpage="5"
      pagination="true"
      responsive="true"
      sortervalue="[object Object]"
    />
  </ccardbody-stub>
</ccard-stub>
`;
