// Jest Snapshot v1, https://goo.gl/fbAQLP

exports[`Charts.vue renders correctly 1`] = `
<div
  class="animated fadeIn"
>
  <b-card-group-stub
    class="card-columns"
    columns="true"
    tag="div"
  >
    <b-card-stub
      bodytag="div"
      footertag="div"
      header="Line Chart"
      headertag="div"
      subtitle=""
      subtitletag="h6"
      subtitletextvariant="muted"
      tag="div"
      title=""
      titletag="h4"
    >
      <div
        class="chart-wrapper"
      >
        <line-example-stub
          chartid="chart-line-01"
          cssclasses=""
          height="400"
          plugins=""
          width="400"
        />
      </div>
    </b-card-stub>
     
    <b-card-stub
      bodytag="div"
      footertag="div"
      header="Bar Chart"
      headertag="div"
      subtitle=""
      subtitletag="h6"
      subtitletextvariant="muted"
      tag="div"
      title=""
      titletag="h4"
    >
      <div
        class="chart-wrapper"
      >
        <bar-example-stub
          chartid="chart-bar-01"
          cssclasses=""
          height="400"
          plugins=""
          width="400"
        />
      </div>
    </b-card-stub>
     
    <b-card-stub
      bodytag="div"
      footertag="div"
      header="Doughnut Chart"
      headertag="div"
      subtitle=""
      subtitletag="h6"
      subtitletextvariant="muted"
      tag="div"
      title=""
      titletag="h4"
    >
      <div
        class="chart-wrapper"
      >
        <doughnut-example-stub
          chartid="chart-doughnut-01"
          cssclasses=""
          height="400"
          plugins=""
          width="400"
        />
      </div>
    </b-card-stub>
     
    <b-card-stub
      bodytag="div"
      footertag="div"
      header="Radar Chart"
      headertag="div"
      subtitle=""
      subtitletag="h6"
      subtitletextvariant="muted"
      tag="div"
      title=""
      titletag="h4"
    >
      <div
        class="chart-wrapper"
      >
        <radar-example-stub
          chartid="chart-radar-01"
          cssclasses=""
          height="400"
          plugins=""
          width="400"
        />
      </div>
    </b-card-stub>
     
    <b-card-stub
      bodytag="div"
      footertag="div"
      header="Pie Chart"
      headertag="div"
      subtitle=""
      subtitletag="h6"
      subtitletextvariant="muted"
      tag="div"
      title=""
      titletag="h4"
    >
      <div
        class="chart-wrapper"
      >
        <pie-example-stub
          chartid="chart-pie-01"
          cssclasses=""
          height="400"
          plugins=""
          width="400"
        />
      </div>
    </b-card-stub>
     
    <b-card-stub
      bodytag="div"
      footertag="div"
      header="Polar Area Chart"
      headertag="div"
      subtitle=""
      subtitletag="h6"
      subtitletextvariant="muted"
      tag="div"
      title=""
      titletag="h4"
    >
      <div
        class="chart-wrapper"
      >
        <polar-area-example-stub
          chartid="chart-polar-area-01"
          cssclasses=""
          height="400"
          plugins=""
          width="400"
        />
      </div>
    </b-card-stub>
  </b-card-group-stub>
</div>
`;
